// Vitest Snapshot v1, https://vitest.dev/guide/snapshot.html

exports[`airports > findRoutes > when asked for specific route between two airports 
	 Then should be able to retrieve data and parse it 1`] = `
[
  [
    "BER",
    "AGP",
    "GDN",
  ],
  [
    "BER",
    "ALC",
    "GDN",
  ],
  [
    "BER",
    "BCN",
    "GDN",
  ],
  [
    "BER",
    "BGY",
    "GDN",
  ],
  [
    "BER",
    "CFU",
    "GDN",
  ],
  [
    "BER",
    "DUB",
    "GDN",
  ],
  [
    "BER",
    "EDI",
    "GDN",
  ],
  [
    "BER",
    "MAN",
    "GDN",
  ],
  [
    "BER",
    "PFO",
    "GDN",
  ],
  [
    "BER",
    "PSA",
    "GDN",
  ],
  [
    "BER",
    "STN",
    "GDN",
  ],
  [
    "BER",
    "TGD",
    "GDN",
  ],
  [
    "BER",
    "TSF",
    "GDN",
  ],
  [
    "BER",
    "ZAD",
    "GDN",
  ],
]
`;

exports[`airports > getClosest > when asked for the closest airport 
	 Then should be able to retrieve data and parse it 1`] = `
{
  "aliases": [],
  "city": {
    "code": Any<String>,
    "name": Any<String>,
  },
  "code": Any<String>,
  "coordinates": {
    "latitude": Any<Number>,
    "longitude": Any<Number>,
  },
  "country": {
    "code": Any<String>,
    "name": Any<String>,
  },
  "name": Any<String>,
}
`;

exports[`airports > getDestinations > when asked for destinations from a specific airport 
	 Then should be able to retrieve data and parse it 1`] = `
[
  {
    "arrivalAirport": {
      "aliases": [],
      "base": true,
      "city": {
        "code": "LANZAROTE",
        "name": "Lanzarote",
      },
      "code": "ACE",
      "coordinates": {
        "latitude": 28.9455,
        "longitude": -13.6052,
      },
      "country": {
        "code": "es",
        "currency": "EUR",
        "defaultAirportCode": "BCN",
        "name": "Spain",
      },
      "name": "Lanzarote",
      "region": {
        "code": "CANARY_ISLES",
        "name": "Canary Isles",
      },
      "seoName": "lanzarote",
      "timeZone": "Atlantic/Canary",
    },
    "operator": "FR",
    "recent": false,
    "seasonal": false,
    "tags": [],
  },
  {
    "arrivalAirport": {
      "aliases": [],
      "base": true,
      "city": {
        "code": "MALAGA",
        "name": "Malaga",
      },
      "code": "AGP",
      "coordinates": {
        "latitude": 36.6749,
        "longitude": -4.49911,
      },
      "country": {
        "code": "es",
        "currency": "EUR",
        "defaultAirportCode": "BCN",
        "name": "Spain",
      },
      "name": "Malaga",
      "region": {
        "code": "COSTA_DE_SOL",
        "name": "Costa del Sol",
      },
      "seoName": "malaga",
      "timeZone": "Europe/Madrid",
    },
    "operator": "FR",
    "recent": false,
    "seasonal": false,
    "tags": [],
  },
  {
    "arrivalAirport": {
      "aliases": [],
      "base": true,
      "city": {
        "code": "ALICANTE",
        "name": "Alicante",
      },
      "code": "ALC",
      "coordinates": {
        "latitude": 38.2822,
        "longitude": -0.558156,
      },
      "country": {
        "code": "es",
        "currency": "EUR",
        "defaultAirportCode": "BCN",
        "name": "Spain",
      },
      "name": "Alicante",
      "region": {
        "code": "COSTA_BLANCA",
        "name": "Costa Blanca",
      },
      "seoName": "alicante",
      "timeZone": "Europe/Madrid",
    },
    "operator": "FR",
    "recent": false,
    "seasonal": false,
    "tags": [],
  },
  {
    "arrivalAirport": {
      "aliases": [],
      "base": true,
      "city": {
        "code": "ATHENS",
        "name": "Athens",
      },
      "code": "ATH",
      "coordinates": {
        "latitude": 37.9364,
        "longitude": 23.9445,
      },
      "country": {
        "code": "gr",
        "currency": "EUR",
        "defaultAirportCode": "ATH",
        "name": "Greece",
      },
      "name": "Athens",
      "region": {
        "code": "DEFAULT_GR",
        "name": "Default GR",
      },
      "seoName": "athens",
      "timeZone": "Europe/Athens",
    },
    "operator": "FR",
    "recent": false,
    "seasonal": false,
    "tags": [],
  },
  {
    "arrivalAirport": {
      "aliases": [],
      "base": true,
      "city": {
        "code": "BARCELONA",
        "macCode": "BAR",
        "name": "Barcelona",
      },
      "code": "BCN",
      "coordinates": {
        "latitude": 41.2971,
        "longitude": 2.07846,
      },
      "country": {
        "code": "es",
        "currency": "EUR",
        "defaultAirportCode": "BCN",
        "name": "Spain",
      },
      "macCity": {
        "code": "BARCELONA",
        "macCode": "BAR",
        "name": "Barcelona",
      },
      "name": "Barcelona",
      "region": {
        "code": "COSTA_BRAVA",
        "name": "Costa Brava",
      },
      "seoName": "barcelona-el-prat",
      "timeZone": "Europe/Madrid",
    },
    "operator": "FR",
    "recent": false,
    "seasonal": false,
    "tags": [],
  },
  {
    "arrivalAirport": {
      "aliases": [],
      "base": true,
      "city": {
        "code": "BERGAMO",
        "name": "Bergamo",
      },
      "code": "BGY",
      "coordinates": {
        "latitude": 45.6739,
        "longitude": 9.70417,
      },
      "country": {
        "code": "it",
        "currency": "EUR",
        "defaultAirportCode": "BGY",
        "name": "Italy",
      },
      "macCity": {
        "code": "MILAN",
        "macCode": "MIL",
        "name": "Milan",
      },
      "name": "Milan Bergamo",
      "region": {
        "code": "LOMBARDY",
        "name": "Lombardy",
      },
      "seoName": "milan-bergamo",
      "timeZone": "Europe/Rome",
    },
    "operator": "FR",
    "recent": false,
    "seasonal": false,
    "tags": [],
  },
  {
    "arrivalAirport": {
      "aliases": [],
      "base": true,
      "city": {
        "code": "BIRMINGHAM",
        "name": "Birmingham",
      },
      "code": "BHX",
      "coordinates": {
        "latitude": 52.4539,
        "longitude": -1.74803,
      },
      "country": {
        "code": "gb",
        "currency": "GBP",
        "defaultAirportCode": "STN",
        "name": "United Kingdom",
      },
      "name": "Birmingham",
      "region": {
        "code": "ENGLAND",
        "name": "England",
      },
      "seoName": "birmingham",
      "timeZone": "Europe/London",
    },
    "operator": "FR",
    "recent": true,
    "seasonal": false,
    "tags": [],
  },
  {
    "arrivalAirport": {
      "aliases": [],
      "base": true,
      "city": {
        "code": "BOLOGNA",
        "name": "Bologna",
      },
      "code": "BLQ",
      "coordinates": {
        "latitude": 44.5354,
        "longitude": 11.2887,
      },
      "country": {
        "code": "it",
        "currency": "EUR",
        "defaultAirportCode": "BGY",
        "name": "Italy",
      },
      "name": "Bologna",
      "region": {
        "code": "EMILIA-ROMAGNA",
        "name": "Emilia-Romagna",
      },
      "seoName": "bologna",
      "timeZone": "Europe/Rome",
    },
    "operator": "FR",
    "recent": false,
    "seasonal": false,
    "tags": [],
  },
  {
    "arrivalAirport": {
      "aliases": [],
      "base": true,
      "city": {
        "code": "BARI",
        "name": "Bari",
      },
      "code": "BRI",
      "coordinates": {
        "latitude": 41.1389,
        "longitude": 16.7606,
      },
      "country": {
        "code": "it",
        "currency": "EUR",
        "defaultAirportCode": "BGY",
        "name": "Italy",
      },
      "name": "Bari",
      "region": {
        "code": "PUGLIA",
        "name": "Puglia",
      },
      "seoName": "bari",
      "timeZone": "Europe/Rome",
    },
    "operator": "FR",
    "recent": false,
    "seasonal": false,
    "tags": [],
  },
  {
    "arrivalAirport": {
      "aliases": [],
      "base": true,
      "city": {
        "code": "BUDAPEST",
        "name": "Budapest",
      },
      "code": "BUD",
      "coordinates": {
        "latitude": 47.4369,
        "longitude": 19.2556,
      },
      "country": {
        "code": "hu",
        "currency": "HUF",
        "defaultAirportCode": "BUD",
        "name": "Hungary",
      },
      "name": "Budapest",
      "region": {
        "code": "CENTRAL_HUNGARY",
        "name": "Central Hungary",
      },
      "seoName": "budapest",
      "timeZone": "Europe/Budapest",
    },
    "operator": "FR",
    "recent": false,
    "seasonal": false,
    "tags": [],
  },
  {
    "arrivalAirport": {
      "aliases": [],
      "base": false,
      "city": {
        "code": "CASTELLON",
        "name": "Castellon",
      },
      "code": "CDT",
      "coordinates": {
        "latitude": 39.999,
        "longitude": 0.026,
      },
      "country": {
        "code": "es",
        "currency": "EUR",
        "defaultAirportCode": "BCN",
        "name": "Spain",
      },
      "macCity": {
        "code": "VALENCIA",
        "macCode": "VNC",
        "name": "Valencia",
      },
      "name": "Castellon (Valencia)",
      "region": {
        "code": "COSTA_AZAHAR",
        "name": "Costa Azahar",
      },
      "seoName": "castellon",
      "timeZone": "Europe/Madrid",
    },
    "operator": "FR",
    "recent": true,
    "seasonal": false,
    "tags": [],
  },
  {
    "arrivalAirport": {
      "aliases": [],
      "base": true,
      "city": {
        "code": "CORFU",
        "name": "Corfu",
      },
      "code": "CFU",
      "coordinates": {
        "latitude": 39.6019,
        "longitude": 19.9117,
      },
      "country": {
        "code": "gr",
        "currency": "EUR",
        "defaultAirportCode": "ATH",
        "name": "Greece",
      },
      "name": "Corfu",
      "region": {
        "code": "GREEK_ISLANDS",
        "name": "Greek Islands",
      },
      "seoName": "corfu",
      "timeZone": "Europe/Athens",
    },
    "operator": "FR",
    "recent": false,
    "seasonal": false,
    "tags": [],
  },
  {
    "arrivalAirport": {
      "aliases": [],
      "base": true,
      "city": {
        "code": "CATANIA",
        "name": "Catania",
      },
      "code": "CTA",
      "coordinates": {
        "latitude": 37.4668,
        "longitude": 15.0664,
      },
      "country": {
        "code": "it",
        "currency": "EUR",
        "defaultAirportCode": "BGY",
        "name": "Italy",
      },
      "name": "Catania",
      "region": {
        "code": "SICILY",
        "name": "Sicily",
      },
      "seoName": "catania",
      "timeZone": "Europe/Rome",
    },
    "operator": "FR",
    "recent": false,
    "seasonal": false,
    "tags": [],
  },
  {
    "arrivalAirport": {
      "aliases": [],
      "base": false,
      "city": {
        "code": "DUBROVNIK",
        "name": "Dubrovnik",
      },
      "code": "DBV",
      "coordinates": {
        "latitude": 42.5614,
        "longitude": 18.2683,
      },
      "country": {
        "code": "hr",
        "currency": "EUR",
        "defaultAirportCode": "ZAD",
        "name": "Croatia",
      },
      "name": "Dubrovnik",
      "region": {
        "code": "DEFAULT_HR",
        "name": "Default HR",
      },
      "seoName": "dubrovnik",
      "timeZone": "Europe/Zagreb",
    },
    "operator": "FR",
    "recent": true,
    "seasonal": false,
    "tags": [],
  },
  {
    "arrivalAirport": {
      "aliases": [],
      "base": true,
      "city": {
        "code": "DUBLIN",
        "name": "Dublin",
      },
      "code": "DUB",
      "coordinates": {
        "latitude": 53.4213,
        "longitude": -6.27007,
      },
      "country": {
        "code": "ie",
        "currency": "EUR",
        "defaultAirportCode": "DUB",
        "name": "Ireland",
      },
      "name": "Dublin",
      "region": {
        "code": "LEINSTER",
        "name": "Leinster",
      },
      "seoName": "dublin",
      "timeZone": "Europe/Dublin",
    },
    "operator": "FR",
    "recent": false,
    "seasonal": false,
    "tags": [],
  },
  {
    "arrivalAirport": {
      "aliases": [],
      "base": true,
      "city": {
        "code": "EDINBURGH",
        "name": "Edinburgh",
      },
      "code": "EDI",
      "coordinates": {
        "latitude": 55.95,
        "longitude": -3.3725,
      },
      "country": {
        "code": "gb",
        "currency": "GBP",
        "defaultAirportCode": "STN",
        "name": "United Kingdom",
      },
      "name": "Edinburgh",
      "region": {
        "code": "SCOTLAND",
        "name": "Scotland",
      },
      "seoName": "edinburgh",
      "timeZone": "Europe/London",
    },
    "operator": "FR",
    "recent": false,
    "seasonal": false,
    "tags": [],
  },
  {
    "arrivalAirport": {
      "aliases": [],
      "base": true,
      "city": {
        "code": "EAST_MIDLANDS",
        "name": "East Midlands",
      },
      "code": "EMA",
      "coordinates": {
        "latitude": 52.8311,
        "longitude": -1.32806,
      },
      "country": {
        "code": "gb",
        "currency": "GBP",
        "defaultAirportCode": "STN",
        "name": "United Kingdom",
      },
      "name": "East Midlands",
      "region": {
        "code": "EAST_MIDLANDS",
        "name": "East Midlands",
      },
      "seoName": "east-midlands",
      "timeZone": "Europe/London",
    },
    "operator": "FR",
    "recent": false,
    "seasonal": false,
    "tags": [],
  },
  {
    "arrivalAirport": {
      "aliases": [],
      "base": true,
      "city": {
        "code": "FARO",
        "name": "Faro",
      },
      "code": "FAO",
      "coordinates": {
        "latitude": 37.0144,
        "longitude": -7.96591,
      },
      "country": {
        "code": "pt",
        "currency": "EUR",
        "defaultAirportCode": "LIS",
        "name": "Portugal",
      },
      "name": "Faro",
      "region": {
        "code": "ALGARVE",
        "name": "Algarve",
      },
      "seoName": "faro",
      "timeZone": "Europe/Lisbon",
    },
    "operator": "FR",
    "recent": false,
    "seasonal": false,
    "tags": [],
  },
  {
    "arrivalAirport": {
      "aliases": [],
      "base": true,
      "city": {
        "code": "ROME",
        "macCode": "ROM",
        "name": "Rome",
      },
      "code": "FCO",
      "coordinates": {
        "latitude": 41.8045,
        "longitude": 12.2508,
      },
      "country": {
        "code": "it",
        "currency": "EUR",
        "defaultAirportCode": "BGY",
        "name": "Italy",
      },
      "macCity": {
        "code": "ROME",
        "macCode": "ROM",
        "name": "Rome",
      },
      "name": "Rome Fiumicino",
      "region": {
        "code": "LAZIO",
        "name": "Lazio",
      },
      "seoName": "rome-fiumicino",
      "timeZone": "Europe/Rome",
    },
    "operator": "FR",
    "recent": false,
    "seasonal": false,
    "tags": [],
  },
  {
    "arrivalAirport": {
      "aliases": [],
      "base": false,
      "city": {
        "code": "FUERTEVENTURA",
        "name": "Fuerteventura",
      },
      "code": "FUE",
      "coordinates": {
        "latitude": 28.4527,
        "longitude": -13.8638,
      },
      "country": {
        "code": "es",
        "currency": "EUR",
        "defaultAirportCode": "BCN",
        "name": "Spain",
      },
      "name": "Fuerteventura",
      "region": {
        "code": "CANARY_ISLES",
        "name": "Canary Isles",
      },
      "seoName": "fuerteventura",
      "timeZone": "Atlantic/Canary",
    },
    "operator": "FR",
    "recent": false,
    "seasonal": false,
    "tags": [],
  },
  {
    "arrivalAirport": {
      "aliases": [],
      "base": false,
      "city": {
        "code": "HERAKLION",
        "name": "Heraklion",
      },
      "code": "HER",
      "coordinates": {
        "latitude": 35.3397,
        "longitude": 25.1803,
      },
      "country": {
        "code": "gr",
        "currency": "EUR",
        "defaultAirportCode": "ATH",
        "name": "Greece",
      },
      "name": "Heraklion Crete",
      "region": {
        "code": "GREEK_ISLANDS",
        "name": "Greek Islands",
      },
      "seoName": "heraklion-crete",
      "timeZone": "Europe/Athens",
    },
    "operator": "FR",
    "recent": false,
    "seasonal": false,
    "tags": [],
  },
  {
    "arrivalAirport": {
      "aliases": [],
      "base": true,
      "city": {
        "code": "IBIZA",
        "name": "Ibiza",
      },
      "code": "IBZ",
      "coordinates": {
        "latitude": 38.8729,
        "longitude": 1.37312,
      },
      "country": {
        "code": "es",
        "currency": "EUR",
        "defaultAirportCode": "BCN",
        "name": "Spain",
      },
      "name": "Ibiza",
      "region": {
        "code": "BALEARIC_ISLANDS",
        "name": "Balearic Islands",
      },
      "seoName": "ibiza",
      "timeZone": "Europe/Madrid",
    },
    "operator": "FR",
    "recent": false,
    "seasonal": false,
    "tags": [],
  },
  {
    "arrivalAirport": {
      "aliases": [],
      "base": false,
      "city": {
        "code": "KOS",
        "name": "Kos",
      },
      "code": "KGS",
      "coordinates": {
        "latitude": 36.7933,
        "longitude": 27.0917,
      },
      "country": {
        "code": "gr",
        "currency": "EUR",
        "defaultAirportCode": "ATH",
        "name": "Greece",
      },
      "name": "Kos",
      "region": {
        "code": "GREEK_ISLANDS",
        "name": "Greek Islands",
      },
      "seoName": "kos",
      "timeZone": "Europe/Athens",
    },
    "operator": "FR",
    "recent": false,
    "seasonal": false,
    "tags": [],
  },
  {
    "arrivalAirport": {
      "aliases": [],
      "base": true,
      "city": {
        "code": "LISBON",
        "name": "Lisbon",
      },
      "code": "LIS",
      "coordinates": {
        "latitude": 38.7813,
        "longitude": -9.13592,
      },
      "country": {
        "code": "pt",
        "currency": "EUR",
        "defaultAirportCode": "LIS",
        "name": "Portugal",
      },
      "name": "Lisbon",
      "region": {
        "code": "LISBON",
        "name": "Lisbon",
      },
      "seoName": "lisbon",
      "timeZone": "Europe/Lisbon",
    },
    "operator": "FR",
    "recent": false,
    "seasonal": false,
    "tags": [],
  },
  {
    "arrivalAirport": {
      "aliases": [],
      "base": true,
      "city": {
        "code": "GRAN_CANARIA",
        "name": "Gran Canaria",
      },
      "code": "LPA",
      "coordinates": {
        "latitude": 27.9319,
        "longitude": -15.3866,
      },
      "country": {
        "code": "es",
        "currency": "EUR",
        "defaultAirportCode": "BCN",
        "name": "Spain",
      },
      "name": "Gran Canaria",
      "region": {
        "code": "CANARY_ISLES",
        "name": "Canary Isles",
      },
      "seoName": "gran-canaria",
      "timeZone": "Atlantic/Canary",
    },
    "operator": "FR",
    "recent": false,
    "seasonal": false,
    "tags": [],
  },
  {
    "arrivalAirport": {
      "aliases": [],
      "base": true,
      "city": {
        "code": "MADRID",
        "name": "Madrid",
      },
      "code": "MAD",
      "coordinates": {
        "latitude": 40.4936,
        "longitude": -3.56676,
      },
      "country": {
        "code": "es",
        "currency": "EUR",
        "defaultAirportCode": "BCN",
        "name": "Spain",
      },
      "name": "Madrid",
      "region": {
        "code": "MADRID",
        "name": "Madrid",
      },
      "seoName": "madrid",
      "timeZone": "Europe/Madrid",
    },
    "operator": "FR",
    "recent": false,
    "seasonal": false,
    "tags": [],
  },
  {
    "arrivalAirport": {
      "aliases": [],
      "base": true,
      "city": {
        "code": "MANCHESTER",
        "name": "Manchester",
      },
      "code": "MAN",
      "coordinates": {
        "latitude": 53.3537,
        "longitude": -2.27495,
      },
      "country": {
        "code": "gb",
        "currency": "GBP",
        "defaultAirportCode": "STN",
        "name": "United Kingdom",
      },
      "name": "Manchester",
      "region": {
        "code": "GREATER_MANCHESTER",
        "name": "Greater Manchester",
      },
      "seoName": "manchester",
      "timeZone": "Europe/London",
    },
    "operator": "FR",
    "recent": false,
    "seasonal": false,
    "tags": [],
  },
  {
    "arrivalAirport": {
      "aliases": [],
      "base": true,
      "city": {
        "code": "MARSEILLE",
        "name": "Marseille",
      },
      "code": "MRS",
      "coordinates": {
        "latitude": 43.4393,
        "longitude": 5.22142,
      },
      "country": {
        "code": "fr",
        "currency": "EUR",
        "defaultAirportCode": "BVA",
        "name": "France",
      },
      "name": "Marseille",
      "region": {
        "code": "PROVENCE-ALPES-COTE_DAZUR_FRENCH_RIVIERA",
        "name": "French Riviera",
      },
      "seoName": "marseille",
      "timeZone": "Europe/Paris",
    },
    "operator": "FR",
    "recent": false,
    "seasonal": false,
    "tags": [],
  },
  {
    "arrivalAirport": {
      "aliases": [],
      "base": true,
      "city": {
        "code": "MILAN",
        "macCode": "MIL",
        "name": "Milan",
      },
      "code": "MXP",
      "coordinates": {
        "latitude": 45.63,
        "longitude": 8.7231,
      },
      "country": {
        "code": "it",
        "currency": "EUR",
        "defaultAirportCode": "BGY",
        "name": "Italy",
      },
      "macCity": {
        "code": "MILAN",
        "macCode": "MIL",
        "name": "Milan",
      },
      "name": "Milan Malpensa",
      "region": {
        "code": "LOMBARDY",
        "name": "Lombardy",
      },
      "seoName": "milan-malpensa",
      "timeZone": "Europe/Rome",
    },
    "operator": "FR",
    "recent": false,
    "seasonal": false,
    "tags": [],
  },
  {
    "arrivalAirport": {
      "aliases": [],
      "base": true,
      "city": {
        "code": "PORTO",
        "name": "Porto",
      },
      "code": "OPO",
      "coordinates": {
        "latitude": 41.2481,
        "longitude": -8.68139,
      },
      "country": {
        "code": "pt",
        "currency": "EUR",
        "defaultAirportCode": "LIS",
        "name": "Portugal",
      },
      "name": "Porto",
      "region": {
        "code": "DEFAULT_PT",
        "name": "Default PT",
      },
      "seoName": "porto",
      "timeZone": "Europe/Lisbon",
    },
    "operator": "FR",
    "recent": false,
    "seasonal": false,
    "tags": [],
  },
  {
    "arrivalAirport": {
      "aliases": [],
      "base": true,
      "city": {
        "code": "BUCHAREST",
        "name": "Bucharest",
      },
      "code": "OTP",
      "coordinates": {
        "latitude": 44.5722,
        "longitude": 26.1022,
      },
      "country": {
        "code": "ro",
        "currency": "EUR",
        "defaultAirportCode": "OTP",
        "name": "Romania",
      },
      "name": "Bucharest",
      "region": {
        "code": "BUCHAREST",
        "name": "Bucharest",
      },
      "seoName": "Bucharest-Otopeni",
      "timeZone": "Europe/Bucharest",
    },
    "operator": "FR",
    "recent": false,
    "seasonal": false,
    "tags": [],
  },
  {
    "arrivalAirport": {
      "aliases": [],
      "base": true,
      "city": {
        "code": "PAPHOS",
        "name": "Paphos",
      },
      "code": "PFO",
      "coordinates": {
        "latitude": 34.718,
        "longitude": 32.4857,
      },
      "country": {
        "code": "cy",
        "currency": "EUR",
        "defaultAirportCode": "PFO",
        "name": "Cyprus",
      },
      "name": "Paphos",
      "region": {
        "code": "PAPHOS",
        "name": "Paphos",
      },
      "seoName": "paphos",
      "timeZone": "Asia/Nicosia",
    },
    "operator": "FR",
    "recent": false,
    "seasonal": false,
    "tags": [],
  },
  {
    "arrivalAirport": {
      "aliases": [
        "majorca",
        "mallorca",
      ],
      "base": true,
      "city": {
        "code": "PALMA",
        "name": "Palma",
      },
      "code": "PMI",
      "coordinates": {
        "latitude": 39.5517,
        "longitude": 2.73881,
      },
      "country": {
        "code": "es",
        "currency": "EUR",
        "defaultAirportCode": "BCN",
        "name": "Spain",
      },
      "name": "Palma de Mallorca",
      "region": {
        "code": "DEFAULT_ES",
        "name": "Default ES",
      },
      "seoName": "palma-mallorca",
      "timeZone": "Europe/Madrid",
    },
    "operator": "FR",
    "recent": false,
    "seasonal": false,
    "tags": [],
  },
  {
    "arrivalAirport": {
      "aliases": [],
      "base": true,
      "city": {
        "code": "PALERMO",
        "name": "Palermo",
      },
      "code": "PMO",
      "coordinates": {
        "latitude": 38.176,
        "longitude": 13.091,
      },
      "country": {
        "code": "it",
        "currency": "EUR",
        "defaultAirportCode": "BGY",
        "name": "Italy",
      },
      "name": "Palermo",
      "region": {
        "code": "SICILY",
        "name": "Sicily",
      },
      "seoName": "palermo",
      "timeZone": "Europe/Rome",
    },
    "operator": "FR",
    "recent": false,
    "seasonal": false,
    "tags": [],
  },
  {
    "arrivalAirport": {
      "aliases": [],
      "base": true,
      "city": {
        "code": "PISA",
        "name": "Pisa",
      },
      "code": "PSA",
      "coordinates": {
        "latitude": 43.6839,
        "longitude": 10.3927,
      },
      "country": {
        "code": "it",
        "currency": "EUR",
        "defaultAirportCode": "BGY",
        "name": "Italy",
      },
      "name": "Pisa",
      "region": {
        "code": "TUSCANY",
        "name": "Tuscany",
      },
      "seoName": "pisa",
      "timeZone": "Europe/Rome",
    },
    "operator": "FR",
    "recent": false,
    "seasonal": false,
    "tags": [],
  },
  {
    "arrivalAirport": {
      "aliases": [],
      "base": true,
      "city": {
        "code": "MARRAKESH",
        "name": "Marrakesh",
      },
      "code": "RAK",
      "coordinates": {
        "latitude": 31.6069,
        "longitude": -8.0363,
      },
      "country": {
        "code": "ma",
        "currency": "MAD",
        "defaultAirportCode": "FEZ",
        "name": "Morocco",
      },
      "name": "Marrakesh",
      "region": {
        "code": "MARRAKESH-SAFI",
        "name": "Marrakesh-Safi",
      },
      "seoName": "marrakesh",
      "timeZone": "Africa/Casablanca",
    },
    "operator": "FR",
    "recent": false,
    "seasonal": false,
    "tags": [],
  },
  {
    "arrivalAirport": {
      "aliases": [],
      "base": false,
      "city": {
        "code": "REGGIO",
        "name": "Reggio Calabria",
      },
      "code": "REG",
      "coordinates": {
        "latitude": 38.0419,
        "longitude": 15.3913,
      },
      "country": {
        "code": "it",
        "currency": "EUR",
        "defaultAirportCode": "BGY",
        "name": "Italy",
      },
      "name": "Reggio Calabria",
      "region": {
        "code": "CALABRIA",
        "name": "Calabria",
      },
      "seoName": "Reggio",
      "timeZone": "Europe/Rome",
    },
    "operator": "FR",
    "recent": true,
    "seasonal": false,
    "tags": [],
  },
  {
    "arrivalAirport": {
      "aliases": [],
      "base": true,
      "city": {
        "code": "RHODES",
        "name": "Rhodes",
      },
      "code": "RHO",
      "coordinates": {
        "latitude": 36.4054,
        "longitude": 28.0862,
      },
      "country": {
        "code": "gr",
        "currency": "EUR",
        "defaultAirportCode": "ATH",
        "name": "Greece",
      },
      "name": "Rhodes",
      "region": {
        "code": "GREEK_ISLANDS",
        "name": "Greek Islands",
      },
      "seoName": "rhodes",
      "timeZone": "Europe/Athens",
    },
    "operator": "FR",
    "recent": false,
    "seasonal": false,
    "tags": [],
  },
  {
    "arrivalAirport": {
      "aliases": [],
      "base": true,
      "city": {
        "code": "THESSALONIKI",
        "name": "Thessaloniki",
      },
      "code": "SKG",
      "coordinates": {
        "latitude": 40.5197,
        "longitude": 22.9709,
      },
      "country": {
        "code": "gr",
        "currency": "EUR",
        "defaultAirportCode": "ATH",
        "name": "Greece",
      },
      "name": "Thessaloniki",
      "region": {
        "code": "CENTRAL_MACEDONIA",
        "name": "Central Macedonia",
      },
      "seoName": "thessaloniki",
      "timeZone": "Europe/Athens",
    },
    "operator": "FR",
    "recent": false,
    "seasonal": false,
    "tags": [],
  },
  {
    "arrivalAirport": {
      "aliases": [],
      "base": true,
      "city": {
        "code": "SOFIA",
        "name": "Sofia",
      },
      "code": "SOF",
      "coordinates": {
        "latitude": 42.67,
        "longitude": 23.35,
      },
      "country": {
        "code": "bg",
        "currency": "EUR",
        "defaultAirportCode": "PDV",
        "name": "Bulgaria",
      },
      "name": "Sofia",
      "region": {
        "code": "DEFAULT_BG",
        "name": "Default BG",
      },
      "seoName": "sofia",
      "timeZone": "Europe/Sofia",
    },
    "operator": "FR",
    "recent": false,
    "seasonal": false,
    "tags": [],
  },
  {
    "arrivalAirport": {
      "aliases": [],
      "base": true,
      "city": {
        "code": "LONDON",
        "macCode": "LON",
        "name": "London",
      },
      "code": "STN",
      "coordinates": {
        "latitude": 51.885,
        "longitude": 0.235,
      },
      "country": {
        "code": "gb",
        "currency": "GBP",
        "defaultAirportCode": "STN",
        "name": "United Kingdom",
      },
      "macCity": {
        "code": "LONDON",
        "macCode": "LON",
        "name": "London",
      },
      "name": "London Stansted",
      "region": {
        "code": "ENGLAND",
        "name": "England",
      },
      "seoName": "london-stansted",
      "timeZone": "Europe/London",
    },
    "operator": "FR",
    "recent": false,
    "seasonal": false,
    "tags": [],
  },
  {
    "arrivalAirport": {
      "aliases": [],
      "base": true,
      "city": {
        "code": "TENERIFE",
        "macCode": "TEN",
        "name": "Tenerife",
      },
      "code": "TFS",
      "coordinates": {
        "latitude": 28.0445,
        "longitude": -16.5725,
      },
      "country": {
        "code": "es",
        "currency": "EUR",
        "defaultAirportCode": "BCN",
        "name": "Spain",
      },
      "macCity": {
        "code": "TENERIFE",
        "macCode": "TEN",
        "name": "Tenerife",
      },
      "name": "Tenerife South",
      "region": {
        "code": "CANARY_ISLES",
        "name": "Canary Isles",
      },
      "seoName": "tenerife-south",
      "timeZone": "Atlantic/Canary",
    },
    "operator": "FR",
    "recent": false,
    "seasonal": false,
    "tags": [],
  },
  {
    "arrivalAirport": {
      "aliases": [],
      "base": false,
      "city": {
        "code": "PODGORICA",
        "name": "Podgorica",
      },
      "code": "TGD",
      "coordinates": {
        "latitude": 42.3594,
        "longitude": 19.2519,
      },
      "country": {
        "code": "me",
        "currency": "EUR",
        "defaultAirportCode": "TGD",
        "name": "Montenegro",
      },
      "name": "Podgorica",
      "region": {
        "code": "DEFAULT_ME",
        "name": "Default ME",
      },
      "seoName": "podgorica-montenegro",
      "timeZone": "Europe/Podgorica",
    },
    "operator": "FR",
    "recent": false,
    "seasonal": false,
    "tags": [],
  },
  {
    "arrivalAirport": {
      "aliases": [],
      "base": false,
      "city": {
        "code": "TALLINN",
        "name": "Tallinn",
      },
      "code": "TLL",
      "coordinates": {
        "latitude": 59.4133,
        "longitude": 24.8328,
      },
      "country": {
        "code": "ee",
        "currency": "EUR",
        "defaultAirportCode": "TLL",
        "name": "Estonia",
      },
      "name": "Tallinn",
      "region": {
        "code": "HARJU",
        "name": "Harju",
      },
      "seoName": "tallinn",
      "timeZone": "Europe/Tallinn",
    },
    "operator": "FR",
    "recent": false,
    "seasonal": false,
    "tags": [],
  },
  {
    "arrivalAirport": {
      "aliases": [],
      "base": false,
      "city": {
        "code": "TEL_AVIV",
        "name": "Tel Aviv",
      },
      "code": "TLV",
      "coordinates": {
        "latitude": 32.0034,
        "longitude": 34.5258,
      },
      "country": {
        "code": "il",
        "currency": "EUR",
        "defaultAirportCode": "VDA",
        "name": "Israel",
      },
      "name": "Tel Aviv",
      "region": {
        "code": "DEFAULT_IL",
        "name": "Default IL",
      },
      "seoName": "tel-aviv",
      "timeZone": "Asia/Jerusalem",
    },
    "operator": "FR",
    "recent": false,
    "seasonal": false,
    "tags": [],
  },
  {
    "arrivalAirport": {
      "aliases": [],
      "base": false,
      "city": {
        "code": "TRIESTE",
        "name": "Trieste",
      },
      "code": "TRS",
      "coordinates": {
        "latitude": 45.8275,
        "longitude": 13.4722,
      },
      "country": {
        "code": "it",
        "currency": "EUR",
        "defaultAirportCode": "BGY",
        "name": "Italy",
      },
      "name": "Trieste",
      "region": {
        "code": "FRIULI-VENEZIA_GIULIA",
        "name": "Friuli-Venezia Giulia",
      },
      "seoName": "trieste",
      "timeZone": "Europe/Rome",
    },
    "operator": "FR",
    "recent": true,
    "seasonal": false,
    "tags": [],
  },
  {
    "arrivalAirport": {
      "aliases": [],
      "base": false,
      "city": {
        "code": "VENICE",
        "macCode": "VEN",
        "name": "Venice",
      },
      "code": "TSF",
      "coordinates": {
        "latitude": 45.6484,
        "longitude": 12.1944,
      },
      "country": {
        "code": "it",
        "currency": "EUR",
        "defaultAirportCode": "BGY",
        "name": "Italy",
      },
      "macCity": {
        "code": "VENICE",
        "macCode": "VEN",
        "name": "Venice",
      },
      "name": "Venice Treviso",
      "region": {
        "code": "VENETO",
        "name": "Veneto",
      },
      "seoName": "venice-treviso",
      "timeZone": "Europe/Rome",
    },
    "operator": "FR",
    "recent": false,
    "seasonal": false,
    "tags": [],
  },
  {
    "arrivalAirport": {
      "aliases": [],
      "base": false,
      "city": {
        "code": "VENICE",
        "macCode": "VEN",
        "name": "Venice",
      },
      "code": "VCE",
      "coordinates": {
        "latitude": 45.5053,
        "longitude": 12.3519,
      },
      "country": {
        "code": "it",
        "currency": "EUR",
        "defaultAirportCode": "BGY",
        "name": "Italy",
      },
      "macCity": {
        "code": "VENICE",
        "macCode": "VEN",
        "name": "Venice",
      },
      "name": "Venice M.Polo",
      "region": {
        "code": "VENETO",
        "name": "Veneto",
      },
      "seoName": "venice",
      "timeZone": "Europe/Rome",
    },
    "operator": "FR",
    "recent": false,
    "seasonal": false,
    "tags": [],
  },
  {
    "arrivalAirport": {
      "aliases": [],
      "base": true,
      "city": {
        "code": "VALENCIA",
        "macCode": "VNC",
        "name": "Valencia",
      },
      "code": "VLC",
      "coordinates": {
        "latitude": 39.4893,
        "longitude": -0.481625,
      },
      "country": {
        "code": "es",
        "currency": "EUR",
        "defaultAirportCode": "BCN",
        "name": "Spain",
      },
      "macCity": {
        "code": "VALENCIA",
        "macCode": "VNC",
        "name": "Valencia",
      },
      "name": "Valencia",
      "region": {
        "code": "COSTA_AZAHAR",
        "name": "Costa Azahar",
      },
      "seoName": "valencia",
      "timeZone": "Europe/Madrid",
    },
    "operator": "FR",
    "recent": false,
    "seasonal": false,
    "tags": [],
  },
  {
    "arrivalAirport": {
      "aliases": [],
      "base": true,
      "city": {
        "code": "VILNIUS",
        "name": "Vilnius",
      },
      "code": "VNO",
      "coordinates": {
        "latitude": 54.6341,
        "longitude": 25.2858,
      },
      "country": {
        "code": "lt",
        "currency": "EUR",
        "defaultAirportCode": "KUN",
        "name": "Lithuania",
      },
      "name": "Vilnius",
      "region": {
        "code": "VILNIUS",
        "name": "Vilnius",
      },
      "seoName": "vilnius",
      "timeZone": "Europe/Vilnius",
    },
    "operator": "FR",
    "recent": false,
    "seasonal": false,
    "tags": [],
  },
  {
    "arrivalAirport": {
      "aliases": [],
      "base": true,
      "city": {
        "code": "ZADAR",
        "name": "Zadar",
      },
      "code": "ZAD",
      "coordinates": {
        "latitude": 44.1083,
        "longitude": 15.3467,
      },
      "country": {
        "code": "hr",
        "currency": "EUR",
        "defaultAirportCode": "ZAD",
        "name": "Croatia",
      },
      "name": "Zadar",
      "region": {
        "code": "DALMATIAN",
        "name": "Dalmatian",
      },
      "seoName": "zadar",
      "timeZone": "Europe/Zagreb",
    },
    "operator": "FR",
    "recent": false,
    "seasonal": false,
    "tags": [],
  },
]
`;

exports[`airports > getInfo > when asked for info on specific airport 
	 Then should be able to retrieve data and parse it 1`] = `
{
  "aliases": [],
  "base": true,
  "city": {
    "code": "BERLIN",
    "macCode": "BER",
    "name": "Berlin",
  },
  "code": "BER",
  "coordinates": {
    "latitude": 52.3667,
    "longitude": 13.5033,
  },
  "country": {
    "code": "de",
    "currency": "EUR",
    "defaultAirportCode": "HHN",
    "name": "Germany",
  },
  "macCity": {
    "code": "BERLIN",
    "macCode": "BER",
    "name": "Berlin",
  },
  "name": "Berlin Brandenburg",
  "region": {
    "code": "BERLIN-BRANDENBURG",
    "name": "Berlin-Brandenburg",
  },
  "seoName": "brandenburg",
  "timeZone": "Europe/Berlin",
}
`;
